Archive member included to satisfy reference by file (symbol)

c:/sonix/sonix_gnu_mcu_eclipse_v1_00/gnu tools arm embedded/7-2018-q2-update/bin/../lib/gcc/arm-none-eabi/7.3.1/thumb/v6-m\libgcc.a(_udivsi3.o)
                              ./system/src/cmsis/system_SN32F760B.o (__aeabi_uidiv)
c:/sonix/sonix_gnu_mcu_eclipse_v1_00/gnu tools arm embedded/7-2018-q2-update/bin/../lib/gcc/arm-none-eabi/7.3.1/thumb/v6-m\libgcc.a(_dvmd_tls.o)
                              c:/sonix/sonix_gnu_mcu_eclipse_v1_00/gnu tools arm embedded/7-2018-q2-update/bin/../lib/gcc/arm-none-eabi/7.3.1/thumb/v6-m\libgcc.a(_udivsi3.o) (__aeabi_idiv0)
c:/sonix/sonix_gnu_mcu_eclipse_v1_00/gnu tools arm embedded/7-2018-q2-update/bin/../lib/gcc/arm-none-eabi/7.3.1/../../../../arm-none-eabi/lib/thumb/v6-m\libg_nano.a(lib_a-exit.o)
                              c:/sonix/sonix_gnu_mcu_eclipse_v1_00/gnu tools arm embedded/7-2018-q2-update/bin/../lib/gcc/arm-none-eabi/7.3.1/../../../../arm-none-eabi/lib/thumb/v6-m/crt0.o (exit)
c:/sonix/sonix_gnu_mcu_eclipse_v1_00/gnu tools arm embedded/7-2018-q2-update/bin/../lib/gcc/arm-none-eabi/7.3.1/../../../../arm-none-eabi/lib/thumb/v6-m\libg_nano.a(lib_a-impure.o)
                              c:/sonix/sonix_gnu_mcu_eclipse_v1_00/gnu tools arm embedded/7-2018-q2-update/bin/../lib/gcc/arm-none-eabi/7.3.1/../../../../arm-none-eabi/lib/thumb/v6-m\libg_nano.a(lib_a-exit.o) (_global_impure_ptr)
c:/sonix/sonix_gnu_mcu_eclipse_v1_00/gnu tools arm embedded/7-2018-q2-update/bin/../lib/gcc/arm-none-eabi/7.3.1/../../../../arm-none-eabi/lib/thumb/v6-m\libg_nano.a(lib_a-init.o)
                              c:/sonix/sonix_gnu_mcu_eclipse_v1_00/gnu tools arm embedded/7-2018-q2-update/bin/../lib/gcc/arm-none-eabi/7.3.1/../../../../arm-none-eabi/lib/thumb/v6-m/crt0.o (__libc_init_array)
c:/sonix/sonix_gnu_mcu_eclipse_v1_00/gnu tools arm embedded/7-2018-q2-update/bin/../lib/gcc/arm-none-eabi/7.3.1/../../../../arm-none-eabi/lib/thumb/v6-m\libg_nano.a(lib_a-memset.o)
                              c:/sonix/sonix_gnu_mcu_eclipse_v1_00/gnu tools arm embedded/7-2018-q2-update/bin/../lib/gcc/arm-none-eabi/7.3.1/../../../../arm-none-eabi/lib/thumb/v6-m/crt0.o (memset)

Allocating common symbols
Common symbol       size              file

sR_UsbC2            0x8               ./module/WT6673/WT6673.o
sR_Bat              0x54              ./src/bat.o
bT_100ms            0x1               ./src/intgnd.o
SystemCoreClock     0x4               ./system/src/cmsis/system_SN32F760B.o
wFLASH_PGRAM        0x8               ./Interface/FLASH/Flash.o
bR_BqReadBuf        0x64              ./module/BQ25798/BQ25798.o
bADC_StartConv      0x1               ./Interface/ADC/ADC.o
bT_10ms             0x1               ./src/intgnd.o
bF_Uart0RxTimeout   0x1               ./src/bat.o
bR_WT6673In         0x1               ./module/WT6673/WT6673.o
bF_Uart0Rxing       0x1               ./src/bat.o
sR_UsbC1            0x8               ./module/WT6673/WT6673.o
bF_Uart0RxBuf       0x400             ./src/bat.o
bR_WT6673Chk        0x1               ./module/WT6673/WT6673.o
bR_AppFifo          0x10              ./src/app.o

Discarded input sections

 .text          0x00000000        0x0 c:/sonix/sonix_gnu_mcu_eclipse_v1_00/gnu tools arm embedded/7-2018-q2-update/bin/../lib/gcc/arm-none-eabi/7.3.1/thumb/v6-m/crti.o
 .data          0x00000000        0x0 c:/sonix/sonix_gnu_mcu_eclipse_v1_00/gnu tools arm embedded/7-2018-q2-update/bin/../lib/gcc/arm-none-eabi/7.3.1/thumb/v6-m/crti.o
 .bss           0x00000000        0x0 c:/sonix/sonix_gnu_mcu_eclipse_v1_00/gnu tools arm embedded/7-2018-q2-update/bin/../lib/gcc/arm-none-eabi/7.3.1/thumb/v6-m/crti.o
 .data          0x00000000        0x4 c:/sonix/sonix_gnu_mcu_eclipse_v1_00/gnu tools arm embedded/7-2018-q2-update/bin/../lib/gcc/arm-none-eabi/7.3.1/thumb/v6-m/crtbegin.o
 .text          0x00000000       0x78 c:/sonix/sonix_gnu_mcu_eclipse_v1_00/gnu tools arm embedded/7-2018-q2-update/bin/../lib/gcc/arm-none-eabi/7.3.1/../../../../arm-none-eabi/lib/thumb/v6-m/crt0.o
 .data          0x00000000        0x0 c:/sonix/sonix_gnu_mcu_eclipse_v1_00/gnu tools arm embedded/7-2018-q2-update/bin/../lib/gcc/arm-none-eabi/7.3.1/../../../../arm-none-eabi/lib/thumb/v6-m/crt0.o
 .bss           0x00000000        0x0 c:/sonix/sonix_gnu_mcu_eclipse_v1_00/gnu tools arm embedded/7-2018-q2-update/bin/../lib/gcc/arm-none-eabi/7.3.1/../../../../arm-none-eabi/lib/thumb/v6-m/crt0.o
 .ARM.extab     0x00000000        0x0 c:/sonix/sonix_gnu_mcu_eclipse_v1_00/gnu tools arm embedded/7-2018-q2-update/bin/../lib/gcc/arm-none-eabi/7.3.1/../../../../arm-none-eabi/lib/thumb/v6-m/crt0.o
 .ARM.exidx     0x00000000        0x8 c:/sonix/sonix_gnu_mcu_eclipse_v1_00/gnu tools arm embedded/7-2018-q2-update/bin/../lib/gcc/arm-none-eabi/7.3.1/../../../../arm-none-eabi/lib/thumb/v6-m/crt0.o
 .ARM.attributes
[...]
Memory Configuration

Name             Origin             Length             Attributes
FLASH            0x00000000         0x00010000         xr
RAM              0x20000000         0x00002000         xrw
*default*        0x00000000         0xffffffff

Linker script and memory map

LOAD c:/sonix/sonix_gnu_mcu_eclipse_v1_00/gnu tools arm embedded/7-2018-q2-update/bin/../lib/gcc/arm-none-eabi/7.3.1/thumb/v6-m/crti.o
LOAD c:/sonix/sonix_gnu_mcu_eclipse_v1_00/gnu tools arm embedded/7-2018-q2-update/bin/../lib/gcc/arm-none-eabi/7.3.1/thumb/v6-m/crtbegin.o
LOAD c:/sonix/sonix_gnu_mcu_eclipse_v1_00/gnu tools arm embedded/7-2018-q2-update/bin/../lib/gcc/arm-none-eabi/7.3.1/../../../../arm-none-eabi/lib/thumb/v6-m/crt0.o
LOAD ./system/src/cmsis/startup_SN32F760B.o
LOAD ./system/src/cmsis/system_SN32F760B.o
LOAD ./src/app.o
LOAD ./src/bat.o
LOAD ./src/interrupt.o
LOAD ./src/intgnd.o
LOAD ./src/led.o
LOAD ./src/main.o
LOAD ./src/version.o
LOAD ./module/WT6673/WT6673.o
LOAD ./module/MAX17201/MAX17201.o
LOAD ./module/BQ25798/BQ25798.o
LOAD ./Utility/Utility.o
LOAD ./Interface/WDT/WDT.o
LOAD ./Interface/UART/UART0.o
LOAD ./Interface/UART/UART1.o
LOAD ./Interface/UART/UART2.o
LOAD ./Interface/Systick/Systick.o
LOAD ./Interface/I2C/I2C.o
LOAD ./Interface/GPIO/GPIO.o
LOAD ./Interface/FLASH/Flash.o
LOAD ./Interface/ADC/ADC.o
START GROUP
LOAD c:/sonix/sonix_gnu_mcu_eclipse_v1_00/gnu tools arm embedded/7-2018-q2-update/bin/../lib/gcc/arm-none-eabi/7.3.1/thumb/v6-m\libgcc.a
LOAD c:/sonix/sonix_gnu_mcu_eclipse_v1_00/gnu tools arm embedded/7-2018-q2-update/bin/../lib/gcc/arm-none-eabi/7.3.1/../../../../arm-none-eabi/lib/thumb/v6-m\libg_nano.a
LOAD c:/sonix/sonix_gnu_mcu_eclipse_v1_00/gnu tools arm embedded/7-2018-q2-update/bin/../lib/gcc/arm-none-eabi/7.3.1/../../../../arm-none-eabi/lib/thumb/v6-m\libc_nano.a
END GROUP
START GROUP
LOAD c:/sonix/sonix_gnu_mcu_eclipse_v1_00/gnu tools arm embedded/7-2018-q2-update/bin/../lib/gcc/arm-none-eabi/7.3.1/thumb/v6-m\libgcc.a
LOAD c:/sonix/sonix_gnu_mcu_eclipse_v1_00/gnu tools arm embedded/7-2018-q2-update/bin/../lib/gcc/arm-none-eabi/7.3.1/../../../../arm-none-eabi/lib/thumb/v6-m\libc_nano.a
END GROUP
LOAD c:/sonix/sonix_gnu_mcu_eclipse_v1_00/gnu tools arm embedded/7-2018-q2-update/bin/../lib/gcc/arm-none-eabi/7.3.1/thumb/v6-m/crtend.o
LOAD c:/sonix/sonix_gnu_mcu_eclipse_v1_00/gnu tools arm embedded/7-2018-q2-update/bin/../lib/gcc/arm-none-eabi/7.3.1/thumb/v6-m/crtn.o

.text           0x00000000     0x31a8
 *(.isr_vector)
 .isr_vector    0x00000000       0xc0 ./system/src/cmsis/startup_SN32F760B.o
                0x00000000                __isr_vector
 *(.text*)
 .text          0x000000c0       0x48 c:/sonix/sonix_gnu_mcu_eclipse_v1_00/gnu tools arm embedded/7-2018-q2-update/bin/../lib/gcc/arm-none-eabi/7.3.1/thumb/v6-m/crtbegin.o
 .text          0x00000108       0x40 ./system/src/cmsis/startup_SN32F760B.o
                0x00000108                Reset_Handler
                0x00000144                I2C0_IRQHandler
                0x00000144                NDT_IRQHandler
                0x00000144                PendSV_Handler
                0x00000144                NMI_Handler
                0x00000144                UART1_IRQHandler
                0x00000144                CT16B0_IRQHandler
                0x00000144                CT16B1_IRQHandler
                0x00000144                LVD_IRQHandler
                0x00000144                UART2_IRQHandler
                0x00000144                Default_Handler
                0x00000144                ADC_IRQHandler
                0x00000144                SVC_Handler
                0x00000144                SPI0_IRQHandler
 .text.SystemCoreClockUpdate
                0x00000148       0xf8 ./system/src/cmsis/system_SN32F760B.o
                0x00000148                SystemCoreClockUpdate
 .text.SystemInit
                0x00000240       0x5c ./system/src/cmsis/system_SN32F760B.o
                0x00000240                SystemInit
 .text.NVIC_SystemReset
                0x0000029c       0x20 ./src/app.o
 .text.Mn_App   0x000002bc       0x70 ./src/app.o
                0x000002bc                Mn_App
 .text.App_StatusChk
                0x0000032c      0x4a4 ./src/app.o
                0x0000032c                App_StatusChk
 .text.AppFifoWrite
                0x000007d0       0x58 ./src/app.o
                0x000007d0                AppFifoWrite
 .text.AppFifoRead
                0x00000828       0x60 ./src/app.o
                0x00000828                AppFifoRead
 .text.Bat_Init
                0x00000888      0x1f4 ./src/bat.o
                0x00000888                Bat_Init
 .text.Bat_ChkIn
                0x00000a7c      0x1c4 ./src/bat.o
                0x00000a7c                Bat_ChkIn
 .text.Bat_StatDeal
                0x00000c40       0xec ./src/bat.o
                0x00000c40                Bat_StatDeal
 .text.Bat_ChkStatus
                0x00000d2c      0x228 ./src/bat.o
                0x00000d2c                Bat_ChkStatus
 .text.Bat_GetBatNum
                0x00000f54       0x74 ./src/bat.o
                0x00000f54                Bat_GetBatNum
 .text.UART0_IRQHandler
                0x00000fc8       0x70 ./src/bat.o
                0x00000fc8                UART0_IRQHandler
 .text.NVIC_SystemReset
                0x00001038       0x20 ./src/interrupt.o
 .text.HardFault_Handler
                0x00001058        0xe ./src/interrupt.o
                0x00001058                HardFault_Handler
 *fill*         0x00001066        0x2 
 .text.Mn_Intgnd
                0x00001068       0x68 ./src/intgnd.o
                0x00001068                Mn_Intgnd
 .text.Led_TimeChk
                0x000010d0       0x88 ./src/led.o
                0x000010d0                Led_TimeChk
 .text.Led_SetDisplayMode
                0x00001158       0x90 ./src/led.o
                0x00001158                Led_SetDisplayMode
 .text.Led_NoBat
                0x000011e8       0x84 ./src/led.o
                0x000011e8                Led_NoBat
 .text.Led_Charge100
                0x0000126c       0x88 ./src/led.o
                0x0000126c                Led_Charge100
 .text.Led_ChargeFull
                0x000012f4       0x84 ./src/led.o
                0x000012f4                Led_ChargeFull
 .text.Led_DisCharge75
                0x00001378       0xac ./src/led.o
                0x00001378                Led_DisCharge75
 .text.Led_ChargeError
                0x00001424       0x88 ./src/led.o
                0x00001424                Led_ChargeError
 .text.main     0x000014ac       0x44 ./src/main.o
                0x000014ac                main
 .text.PreMain  0x000014f0       0x10 ./src/main.o
                0x000014f0                PreMain
 .text.WT6673_Chk
                0x00001500       0xe8 ./module/WT6673/WT6673.o
                0x00001500                WT6673_Chk
 .text.WT6673_TimeChk
                0x000015e8       0x24 ./module/WT6673/WT6673.o
                0x000015e8                WT6673_TimeChk
 .text.WT6673_C1GateOn
                0x0000160c        0xa ./module/WT6673/WT6673.o
                0x0000160c                WT6673_C1GateOn
 .text.WT6673_C1GateOff
                0x00001616        0xa ./module/WT6673/WT6673.o
                0x00001616                WT6673_C1GateOff
 .text.WT6673_C2GateOff
                0x00001620        0xa ./module/WT6673/WT6673.o
                0x00001620                WT6673_C2GateOff
 *fill*         0x0000162a        0x2 
 .text.BQ25798_GetBatVol
                0x0000162c       0x54 ./module/BQ25798/BQ25798.o
                0x0000162c                BQ25798_GetBatVol
 .text.BQ25798_GetBatCurrent
                0x00001680       0x54 ./module/BQ25798/BQ25798.o
                0x00001680                BQ25798_GetBatCurrent
 .text.BQ25798_GetBatTemp
                0x000016d4       0x54 ./module/BQ25798/BQ25798.o
                0x000016d4                BQ25798_GetBatTemp
 .text.BQ25798_ReadChargeStatus
                0x00001728       0x64 ./module/BQ25798/BQ25798.o
                0x00001728                BQ25798_ReadChargeStatus
 .text.BQ25798_CeOutputHigh
                0x0000178c       0x58 ./module/BQ25798/BQ25798.o
                0x0000178c                BQ25798_CeOutputHigh
 .text.BQ25798_CeOutputLow
                0x000017e4       0x58 ./module/BQ25798/BQ25798.o
                0x000017e4                BQ25798_CeOutputLow
 .text.BQ25798_BatChargeEn
                0x0000183c       0x4c ./module/BQ25798/BQ25798.o
                0x0000183c                BQ25798_BatChargeEn
 .text.BQ25798_BatChargeDis
                0x00001888       0x4c ./module/BQ25798/BQ25798.o
                0x00001888                BQ25798_BatChargeDis
 .text.BQ25798_ACFET1En
                0x000018d4       0x44 ./module/BQ25798/BQ25798.o
                0x000018d4                BQ25798_ACFET1En
 .text.BQ25798_ACFET1Dis
                0x00001918       0x44 ./module/BQ25798/BQ25798.o
                0x00001918                BQ25798_ACFET1Dis
 .text.BQ25798_FeedWatchDog
                0x0000195c       0x44 ./module/BQ25798/BQ25798.o
                0x0000195c                BQ25798_FeedWatchDog
 .text.BQ25798_ChkI2cIsOk
                0x000019a0       0x38 ./module/BQ25798/BQ25798.o
                0x000019a0                BQ25798_ChkI2cIsOk
 .text.BQ25798_Write
                0x000019d8       0xfa ./module/BQ25798/BQ25798.o
                0x000019d8                BQ25798_Write
 .text.BQ25798_Read
                0x00001ad2      0x140 ./module/BQ25798/BQ25798.o
                0x00001ad2                BQ25798_Read
 .text.UT_DelayNx10us
                0x00001c12       0x24 ./Utility/Utility.o
                0x00001c12                UT_DelayNx10us
 *fill*         0x00001c36        0x2 
 .text.UT_DelayNms
                0x00001c38       0x30 ./Utility/Utility.o
                0x00001c38                UT_DelayNms
 .text.NVIC_EnableIRQ
                0x00001c68       0x2c ./Interface/WDT/WDT.o
 .text.NVIC_ClearPendingIRQ
                0x00001c94       0x30 ./Interface/WDT/WDT.o
 .text.NVIC_SetPriority
                0x00001cc4       0xdc ./Interface/WDT/WDT.o
 .text.WDT_IRQHandler
                0x00001da0       0x30 ./Interface/WDT/WDT.o
                0x00001da0                WDT_IRQHandler
 .text.WDT_Init
                0x00001dd0       0x5c ./Interface/WDT/WDT.o
                0x00001dd0                WDT_Init
 .text.WDT_ReloadValue
                0x00001e2c       0x30 ./Interface/WDT/WDT.o
                0x00001e2c                WDT_ReloadValue
 .text.WDT_NvicEnable
                0x00001e5c       0x1e ./Interface/WDT/WDT.o
                0x00001e5c                WDT_NvicEnable
 *fill*         0x00001e7a        0x2 
 .text.NVIC_EnableIRQ
                0x00001e7c       0x2c ./Interface/UART/UART0.o
 .text.NVIC_SetPriority
                0x00001ea8       0xdc ./Interface/UART/UART0.o
 .text.UART0_Init
                0x00001f84       0x70 ./Interface/UART/UART0.o
                0x00001f84                UART0_Init
 .text.NVIC_SetPriority
                0x00001ff4       0xdc ./Interface/Systick/Systick.o
 .text.SysTick_Init
                0x000020d0       0x38 ./Interface/Systick/Systick.o
                0x000020d0                SysTick_Init
 .text.SysTick_ConfigTime
                0x00002108       0x54 ./Interface/Systick/Systick.o
                0x00002108                SysTick_ConfigTime
 .text.SysTick_Handler
                0x0000215c       0x64 ./Interface/Systick/Systick.o
                0x0000215c                SysTick_Handler
 .text.I2C_Start
                0x000021c0       0x34 ./Interface/I2C/I2C.o
                0x000021c0                I2C_Start
 .text.I2C_ReStart
                0x000021f4       0x54 ./Interface/I2C/I2C.o
                0x000021f4                I2C_ReStart
 .text.I2C_Stop
                0x00002248       0x44 ./Interface/I2C/I2C.o
                0x00002248                I2C_Stop
 .text.I2C_ChkAck
                0x0000228c       0x70 ./Interface/I2C/I2C.o
                0x0000228c                I2C_ChkAck
 .text.I2C_Ack  0x000022fc       0x64 ./Interface/I2C/I2C.o
                0x000022fc                I2C_Ack
 .text.I2C_WriteByte
                0x00002360       0x90 ./Interface/I2C/I2C.o
                0x00002360                I2C_WriteByte
 .text.I2C_read_byte
                0x000023f0       0xa4 ./Interface/I2C/I2C.o
                0x000023f0                I2C_read_byte
 .text.I2C_GetSdaStatus
                0x00002494       0x80 ./Interface/I2C/I2C.o
                0x00002494                I2C_GetSdaStatus
 .text.I2C_SetSdaIuput
                0x00002514       0x58 ./Interface/I2C/I2C.o
                0x00002514                I2C_SetSdaIuput
 .text.I2C_SetSdaOutput
                0x0000256c       0x58 ./Interface/I2C/I2C.o
                0x0000256c                I2C_SetSdaOutput
 .text.I2C_SetSclHigh
                0x000025c4       0x58 ./Interface/I2C/I2C.o
                0x000025c4                I2C_SetSclHigh
 .text.I2C_SetSdaHigh
                0x0000261c       0x58 ./Interface/I2C/I2C.o
                0x0000261c                I2C_SetSdaHigh
 .text.I2C_SetSclLow
                0x00002674       0x58 ./Interface/I2C/I2C.o
                0x00002674                I2C_SetSclLow
 .text.I2C_SetSdaLow
                0x000026cc       0x58 ./Interface/I2C/I2C.o
                0x000026cc                I2C_SetSdaLow
 .text.I2C_Delay
                0x00002724       0x1e ./Interface/I2C/I2C.o
                0x00002724                I2C_Delay
 *fill*         0x00002742        0x2 
 .text.GPIO_Init
                0x00002744       0x78 ./Interface/GPIO/GPIO.o
                0x00002744                GPIO_Init
 .text.GPIO_IntClr
                0x000027bc       0x64 ./Interface/GPIO/GPIO.o
                0x000027bc                GPIO_IntClr
 .text.GPIO_IntStatus
                0x00002820       0x7c ./Interface/GPIO/GPIO.o
                0x00002820                GPIO_IntStatus
 .text.P0_IRQHandler
                0x0000289c      0x188 ./Interface/GPIO/GPIO.o
                0x0000289c                P0_IRQHandler
 .text.P1_IRQHandler
                0x00002a24      0x188 ./Interface/GPIO/GPIO.o
                0x00002a24                P1_IRQHandler
 .text.P2_IRQHandler
                0x00002bac      0x188 ./Interface/GPIO/GPIO.o
                0x00002bac                P2_IRQHandler
 .text.P3_IRQHandler
                0x00002d34      0x128 ./Interface/GPIO/GPIO.o
                0x00002d34                P3_IRQHandler
 .text.ADC_Init
                0x00002e5c       0x84 ./Interface/ADC/ADC.o
                0x00002e5c                ADC_Init
 .text.ADC_Sample
                0x00002ee0       0x74 ./Interface/ADC/ADC.o
                0x00002ee0                ADC_Sample
 .text          0x00002f54      0x114 c:/sonix/sonix_gnu_mcu_eclipse_v1_00/gnu tools arm embedded/7-2018-q2-update/bin/../lib/gcc/arm-none-eabi/7.3.1/thumb/v6-m\libgcc.a(_udivsi3.o)
                0x00002f54                __aeabi_uidiv
                0x00002f54                __udivsi3
                0x00003060                __aeabi_uidivmod
 .text          0x00003068        0x4 c:/sonix/sonix_gnu_mcu_eclipse_v1_00/gnu tools arm embedded/7-2018-q2-update/bin/../lib/gcc/arm-none-eabi/7.3.1/thumb/v6-m\libgcc.a(_dvmd_tls.o)
                0x00003068                __aeabi_idiv0
                0x00003068                __aeabi_ldiv0
 *(.init)
 .init          0x0000306c        0x4 c:/sonix/sonix_gnu_mcu_eclipse_v1_00/gnu tools arm embedded/7-2018-q2-update/bin/../lib/gcc/arm-none-eabi/7.3.1/thumb/v6-m/crti.o
                0x0000306c                _init
 .init          0x00003070        0x8 c:/sonix/sonix_gnu_mcu_eclipse_v1_00/gnu tools arm embedded/7-2018-q2-update/bin/../lib/gcc/arm-none-eabi/7.3.1/thumb/v6-m/crtn.o
 *(.fini)
 .fini          0x00003078        0x4 c:/sonix/sonix_gnu_mcu_eclipse_v1_00/gnu tools arm embedded/7-2018-q2-update/bin/../lib/gcc/arm-none-eabi/7.3.1/thumb/v6-m/crti.o
                0x00003078                _fini
 .fini          0x0000307c        0x8 c:/sonix/sonix_gnu_mcu_eclipse_v1_00/gnu tools arm embedded/7-2018-q2-update/bin/../lib/gcc/arm-none-eabi/7.3.1/thumb/v6-m/crtn.o
 *crtbegin.o(.ctors)
 *crtbegin?.o(.ctors)
 *(EXCLUDE_FILE(*crtend.o *crtend?.o) .ctors)
 *(SORT_BY_NAME(.ctors.*))
 *(.ctors)
 *crtbegin.o(.dtors)
 *crtbegin?.o(.dtors)
 *(EXCLUDE_FILE(*crtend.o *crtend?.o) .dtors)
 *(SORT_BY_NAME(.dtors.*))
 *(.dtors)
 *(.rodata*)
 .rodata.SystemCoreClockUpdate
                0x00003084       0x20 ./system/src/cmsis/system_SN32F760B.o
 .rodata.Mn_App
                0x000030a4       0x18 ./src/app.o
 .rodata.App_StatusChk
                0x000030bc       0x3c ./src/app.o
 .rodata.InterBat_InitTab
                0x000030f8       0x19 ./src/bat.o
                0x000030f8                InterBat_InitTab
 *fill*         0x00003111        0x3 
 .rodata.CameraBat1S_InitTab
                0x00003114       0x19 ./src/bat.o
                0x00003114                CameraBat1S_InitTab
 *fill*         0x0000312d        0x3 
 .rodata.CameraBat2S_InitTab
                0x00003130       0x19 ./src/bat.o
                0x00003130                CameraBat2S_InitTab
 *fill*         0x00003149        0x3 
 .rodata.Bat_ChkStatus
                0x0000314c       0x28 ./src/bat.o
 .rodata.Led_SetDisplayMode
                0x00003174       0x30 ./src/led.o
 *(.eh_frame*)
 .eh_frame      0x000031a4        0x0 c:/sonix/sonix_gnu_mcu_eclipse_v1_00/gnu tools arm embedded/7-2018-q2-update/bin/../lib/gcc/arm-none-eabi/7.3.1/thumb/v6-m/crtbegin.o
 .eh_frame      0x000031a4        0x4 c:/sonix/sonix_gnu_mcu_eclipse_v1_00/gnu tools arm embedded/7-2018-q2-update/bin/../lib/gcc/arm-none-eabi/7.3.1/thumb/v6-m/crtend.o

.glue_7         0x000031a8        0x0
 .glue_7        0x000031a8        0x0 linker stubs

.glue_7t        0x000031a8        0x0
 .glue_7t       0x000031a8        0x0 linker stubs

.vfp11_veneer   0x000031a8        0x0
 .vfp11_veneer  0x000031a8        0x0 linker stubs

.v4_bx          0x000031a8        0x0
 .v4_bx         0x000031a8        0x0 linker stubs

.iplt           0x000031a8        0x0
 .iplt          0x000031a8        0x0 c:/sonix/sonix_gnu_mcu_eclipse_v1_00/gnu tools arm embedded/7-2018-q2-update/bin/../lib/gcc/arm-none-eabi/7.3.1/thumb/v6-m/crtbegin.o

.rel.dyn        0x000031a8        0x0
 .rel.iplt      0x000031a8        0x0 c:/sonix/sonix_gnu_mcu_eclipse_v1_00/gnu tools arm embedded/7-2018-q2-update/bin/../lib/gcc/arm-none-eabi/7.3.1/thumb/v6-m/crtbegin.o

.ARM.extab
 *(.ARM.extab* .gnu.linkonce.armextab.*)
                0x000031a8                __exidx_start = .

.ARM.exidx
 *(.ARM.exidx* .gnu.linkonce.armexidx.*)
                0x000031a8                __exidx_end = .
                0x000031a8                __etext = ALIGN (0x4)

.data           0x20000000        0xc load address 0x000031a8
                0x20000000                __data_start__ = .
 *(vtable)
 *(.data*)
 .data.dbT_LedFlashTime
                0x20000000        0x2 ./src/led.o
                0x20000000                dbT_LedFlashTime
 .data.bT_WT6673Debounce
                0x20000002        0x1 ./module/WT6673/WT6673.o
                0x20000002                bT_WT6673Debounce
                0x20000004                . = ALIGN (0x4)
 *fill*         0x20000003        0x1 
                0x20000004                PROVIDE (__preinit_array_start = .)
 *(.preinit_array)
                0x20000004                PROVIDE (__preinit_array_end = .)
                0x20000004                . = ALIGN (0x4)
                0x20000004                PROVIDE (__init_array_start = .)
 *(SORT_BY_NAME(.init_array.*))
 *(.init_array)
 .init_array    0x20000004        0x4 c:/sonix/sonix_gnu_mcu_eclipse_v1_00/gnu tools arm embedded/7-2018-q2-update/bin/../lib/gcc/arm-none-eabi/7.3.1/thumb/v6-m/crtbegin.o
                0x20000008                PROVIDE (__init_array_end = .)
                0x20000008                . = ALIGN (0x4)
                [!provide]                PROVIDE (__fini_array_start = .)
 *(SORT_BY_NAME(.fini_array.*))
 *(.fini_array)
 .fini_array    0x20000008        0x4 c:/sonix/sonix_gnu_mcu_eclipse_v1_00/gnu tools arm embedded/7-2018-q2-update/bin/../lib/gcc/arm-none-eabi/7.3.1/thumb/v6-m/crtbegin.o
                [!provide]                PROVIDE (__fini_array_end = .)
 *(.jcr*)
                0x2000000c                . = ALIGN (0x4)
                0x2000000c                __data_end__ = .

.igot.plt       0x2000000c        0x0 load address 0x000031b4
 .igot.plt      0x2000000c        0x0 c:/sonix/sonix_gnu_mcu_eclipse_v1_00/gnu tools arm embedded/7-2018-q2-update/bin/../lib/gcc/arm-none-eabi/7.3.1/thumb/v6-m/crtbegin.o

.bss            0x2000000c      0x524 load address 0x000031b4
                0x2000000c                . = ALIGN (0x4)
                0x2000000c                __bss_start__ = .
 *(.bss*)
 .bss           0x2000000c       0x1c c:/sonix/sonix_gnu_mcu_eclipse_v1_00/gnu tools arm embedded/7-2018-q2-update/bin/../lib/gcc/arm-none-eabi/7.3.1/thumb/v6-m/crtbegin.o
 .bss.bR_AppFifoWr
                0x20000028        0x1 ./src/app.o
                0x20000028                bR_AppFifoWr
 .bss.bR_AppFifoRd
                0x20000029        0x1 ./src/app.o
                0x20000029                bR_AppFifoRd
 .bss.bR_AppFifoLen
                0x2000002a        0x1 ./src/app.o
                0x2000002a                bR_AppFifoLen
 .bss.bR_SysStatus
                0x2000002b        0x1 ./src/app.o
                0x2000002b                bR_SysStatus
 .bss.bF_Uart0RxCnt
                0x2000002c        0x2 ./src/bat.o
                0x2000002c                bF_Uart0RxCnt
 .bss.bR_BatChkStep
                0x2000002e        0x1 ./src/bat.o
                0x2000002e                bR_BatChkStep
 *fill*         0x2000002f        0x1 
 .bss.bR_LedMode
                0x20000030        0x3 ./src/led.o
                0x20000030                bR_LedMode
 *fill*         0x20000033        0x1 
 .bss.dbR_LedFlashVal
                0x20000034        0x6 ./src/led.o
                0x20000034                dbR_LedFlashVal
 .bss.bF_LedFlashStatus
                0x2000003a        0x1 ./src/led.o
                0x2000003a                bF_LedFlashStatus
 .bss.bR_WT6673Cvt
                0x2000003b        0x1 ./module/WT6673/WT6673.o
                0x2000003b                bR_WT6673Cvt
 .bss.bR_WT6673Old
                0x2000003c        0x1 ./module/WT6673/WT6673.o
                0x2000003c                bR_WT6673Old
 .bss.bF_Tick   0x2000003d        0x1 ./Interface/Systick/Systick.o
                0x2000003d                bF_Tick
 *fill*         0x2000003e        0x2 
 .bss.wR_Tick   0x20000040        0x4 ./Interface/Systick/Systick.o
                0x20000040                wR_Tick
 *(COMMON)
 COMMON         0x20000044        0x4 ./system/src/cmsis/system_SN32F760B.o
                0x20000044                SystemCoreClock
 COMMON         0x20000048       0x10 ./src/app.o
                0x20000048                bR_AppFifo
 COMMON         0x20000058      0x458 ./src/bat.o
                0x20000058                sR_Bat
                0x200000ac                bF_Uart0RxTimeout
                0x200000ad                bF_Uart0Rxing
                0x200000b0                bF_Uart0RxBuf
 COMMON         0x200004b0        0x2 ./src/intgnd.o
                0x200004b0                bT_100ms
                0x200004b1                bT_10ms
 *fill*         0x200004b2        0x2 
 COMMON         0x200004b4       0x15 ./module/WT6673/WT6673.o
                0x200004b4                sR_UsbC2
                0x200004bc                bR_WT6673In
                0x200004c0                sR_UsbC1
                0x200004c8                bR_WT6673Chk
 *fill*         0x200004c9        0x3 
 COMMON         0x200004cc       0x64 ./module/BQ25798/BQ25798.o
                0x200004cc                bR_BqReadBuf
                0x20000530                . = ALIGN (0x4)
                0x20000530                __bss_end__ = .

.heap           0x20000530        0x0
                0x20000530                __end__ = .
                [!provide]                PROVIDE (end = .)
 *(.heap*)
 .heap          0x20000530        0x0 ./system/src/cmsis/startup_SN32F760B.o
                0x20000530                __HeapLimit = .

.stack_dummy    0x20000530      0x200
 *(.stack*)
 .stack         0x20000530      0x200 ./system/src/cmsis/startup_SN32F760B.o
                0x20002000                __StackTop = (ORIGIN (RAM) + LENGTH (RAM))
                0x20001e00                __StackLimit = (__StackTop - SIZEOF (.stack_dummy))
                0x20002000                PROVIDE (__stack = __StackTop)
                0x00000001                ASSERT ((__StackLimit >= __HeapLimit), region RAM overflowed with stack)
OUTPUT(PowerHouse_GCC.elf elf32-littlearm)

.ARM.attributes
                0x00000000       0x28
 .ARM.attributes
                0x00000000       0x1e c:/sonix/sonix_gnu_mcu_eclipse_v1_00/gnu tools arm embedded/7-2018-q2-update/bin/../lib/gcc/arm-none-eabi/7.3.1/thumb/v6-m/crti.o
 .ARM.attributes
                0x0000001e       0x2c c:/sonix/sonix_gnu_mcu_eclipse_v1_00/gnu tools arm embedded/7-2018-q2-update/bin/../lib/gcc/arm-none-eabi/7.3.1/thumb/v6-m/crtbegin.o
 .ARM.attributes
                0x0000004a       0x1b ./system/src/cmsis/startup_SN32F760B.o
 .ARM.attributes
                0x00000065       0x31 ./system/src/cmsis/system_SN32F760B.o
 .ARM.attributes
                0x00000096       0x31 ./src/app.o
 .ARM.attributes
                0x000000c7       0x31 ./src/bat.o
 .ARM.attributes
                0x000000f8       0x31 ./src/interrupt.o
 .ARM.attributes
                0x00000129       0x31 ./src/intgnd.o
 .ARM.attributes
                0x0000015a       0x31 ./src/led.o
 .ARM.attributes
                0x0000018b       0x31 ./src/main.o
 .ARM.attributes
                0x000001bc       0x31 ./module/WT6673/WT6673.o
 .ARM.attributes
                0x000001ed       0x31 ./module/BQ25798/BQ25798.o
 .ARM.attributes
                0x0000021e       0x31 ./Utility/Utility.o
 .ARM.attributes
                0x0000024f       0x31 ./Interface/WDT/WDT.o
 .ARM.attributes
                0x00000280       0x31 ./Interface/UART/UART0.o
 .ARM.attributes
                0x000002b1       0x31 ./Interface/Systick/Systick.o
 .ARM.attributes
                0x000002e2       0x31 ./Interface/I2C/I2C.o
 .ARM.attributes
                0x00000313       0x31 ./Interface/GPIO/GPIO.o
 .ARM.attributes
                0x00000344       0x31 ./Interface/ADC/ADC.o
 .ARM.attributes
                0x00000375       0x1e c:/sonix/sonix_gnu_mcu_eclipse_v1_00/gnu tools arm embedded/7-2018-q2-update/bin/../lib/gcc/arm-none-eabi/7.3.1/thumb/v6-m\libgcc.a(_udivsi3.o)
 .ARM.attributes
                0x00000393       0x1e c:/sonix/sonix_gnu_mcu_eclipse_v1_00/gnu tools arm embedded/7-2018-q2-update/bin/../lib/gcc/arm-none-eabi/7.3.1/thumb/v6-m\libgcc.a(_dvmd_tls.o)
 .ARM.attributes
                0x000003b1       0x2c c:/sonix/sonix_gnu_mcu_eclipse_v1_00/gnu tools arm embedded/7-2018-q2-update/bin/../lib/gcc/arm-none-eabi/7.3.1/thumb/v6-m/crtend.o
 .ARM.attributes
                0x000003dd       0x1e c:/sonix/sonix_gnu_mcu_eclipse_v1_00/gnu tools arm embedded/7-2018-q2-update/bin/../lib/gcc/arm-none-eabi/7.3.1/thumb/v6-m/crtn.o

.comment        0x00000000       0x7f
 .comment       0x00000000       0x7f ./system/src/cmsis/system_SN32F760B.o
                                 0x80 (size before relaxing)
 .comment       0x0000007f       0x80 ./src/app.o
 .comment       0x0000007f       0x80 ./src/bat.o
 .comment       0x0000007f       0x80 ./src/interrupt.o
 .comment       0x0000007f       0x80 ./src/intgnd.o
 .comment       0x0000007f       0x80 ./src/led.o
 .comment       0x0000007f       0x80 ./src/main.o
 .comment       0x0000007f       0x80 ./module/WT6673/WT6673.o
 .comment       0x0000007f       0x80 ./module/BQ25798/BQ25798.o
 .comment       0x0000007f       0x80 ./Utility/Utility.o
 .comment       0x0000007f       0x80 ./Interface/WDT/WDT.o
 .comment       0x0000007f       0x80 ./Interface/UART/UART0.o
 .comment       0x0000007f       0x80 ./Interface/Systick/Systick.o
 .comment       0x0000007f       0x80 ./Interface/I2C/I2C.o
 .comment       0x0000007f       0x80 ./Interface/GPIO/GPIO.o
 .comment       0x0000007f       0x80 ./Interface/ADC/ADC.o

.debug_line     0x00000000     0x389d
 .debug_line    0x00000000       0x77 ./system/src/cmsis/startup_SN32F760B.o
 .debug_line    0x00000077      0x1ae ./system/src/cmsis/system_SN32F760B.o
 .debug_line    0x00000225      0x457 ./src/app.o
 .debug_line    0x0000067c      0x697 ./src/bat.o
 .debug_line    0x00000d13      0x1a0 ./src/interrupt.o
 .debug_line    0x00000eb3      0x390 ./src/intgnd.o
 .debug_line    0x00001243      0x35c ./src/led.o
 .debug_line    0x0000159f      0x528 ./src/main.o
 .debug_line    0x00001ac7      0x2e9 ./module/WT6673/WT6673.o
 .debug_line    0x00001db0      0x6a7 ./module/BQ25798/BQ25798.o
 .debug_line    0x00002457      0x179 ./Utility/Utility.o
 .debug_line    0x000025d0      0x21b ./Interface/WDT/WDT.o
 .debug_line    0x000027eb      0x492 ./Interface/UART/UART0.o
 .debug_line    0x00002c7d      0x1cd ./Interface/Systick/Systick.o
 .debug_line    0x00002e4a      0x377 ./Interface/I2C/I2C.o
 .debug_line    0x000031c1      0x504 ./Interface/GPIO/GPIO.o
 .debug_line    0x000036c5      0x1d8 ./Interface/ADC/ADC.o

.debug_info     0x00000000     0xe0a3
 .debug_info    0x00000000       0x26 ./system/src/cmsis/startup_SN32F760B.o
 .debug_info    0x00000026      0x5bc ./system/src/cmsis/system_SN32F760B.o
 .debug_info    0x000005e2     0x1249 ./src/app.o
 .debug_info    0x0000182b     0x126b ./src/bat.o
 .debug_info    0x00002a96      0x19a ./src/interrupt.o
 .debug_info    0x00002c30      0x23b ./src/intgnd.o
 .debug_info    0x00002e6b     0x1b0f ./src/led.o
 .debug_info    0x0000497a      0xa6d ./src/main.o
 .debug_info    0x000053e7     0x102e ./module/WT6673/WT6673.o
 .debug_info    0x00006415     0x1987 ./module/BQ25798/BQ25798.o
 .debug_info    0x00007d9c      0x206 ./Utility/Utility.o
 .debug_info    0x00007fa2      0x6a3 ./Interface/WDT/WDT.o
 .debug_info    0x00008645     0x12e4 ./Interface/UART/UART0.o
 .debug_info    0x00009929     0x1101 ./Interface/Systick/Systick.o
 .debug_info    0x0000aa2a     0x10a8 ./Interface/I2C/I2C.o
 .debug_info    0x0000bad2     0x20ec ./Interface/GPIO/GPIO.o
 .debug_info    0x0000dbbe      0x4e5 ./Interface/ADC/ADC.o

.debug_abbrev   0x00000000     0x1dce
 .debug_abbrev  0x00000000       0x14 ./system/src/cmsis/startup_SN32F760B.o
 .debug_abbrev  0x00000014      0x166 ./system/src/cmsis/system_SN32F760B.o
 .debug_abbrev  0x0000017a      0x1f7 ./src/app.o
 .debug_abbrev  0x00000371      0x2ee ./src/bat.o
 .debug_abbrev  0x0000065f       0xf1 ./src/interrupt.o
 .debug_abbrev  0x00000750       0xa9 ./src/intgnd.o
 .debug_abbrev  0x000007f9      0x181 ./src/led.o
 .debug_abbrev  0x0000097a      0x225 ./src/main.o
 .debug_abbrev  0x00000b9f      0x1a3 ./module/WT6673/WT6673.o
 .debug_abbrev  0x00000d42      0x2f3 ./module/BQ25798/BQ25798.o
 .debug_abbrev  0x00001035      0x11d ./Utility/Utility.o
 .debug_abbrev  0x00001152      0x20a ./Interface/WDT/WDT.o
 .debug_abbrev  0x0000135c      0x2ac ./Interface/UART/UART0.o
 .debug_abbrev  0x00001608      0x1e5 ./Interface/Systick/Systick.o
 .debug_abbrev  0x000017ed      0x1ea ./Interface/I2C/I2C.o
 .debug_abbrev  0x000019d7      0x2a9 ./Interface/GPIO/GPIO.o
 .debug_abbrev  0x00001c80      0x14e ./Interface/ADC/ADC.o

.debug_aranges  0x00000000      0x4e0
 .debug_aranges
                0x00000000       0x20 ./system/src/cmsis/startup_SN32F760B.o
 .debug_aranges
                0x00000020       0x28 ./system/src/cmsis/system_SN32F760B.o
 .debug_aranges
                0x00000048       0x40 ./src/app.o
 .debug_aranges
                0x00000088       0x48 ./src/bat.o
 .debug_aranges
                0x000000d0       0x28 ./src/interrupt.o
 .debug_aranges
                0x000000f8       0x20 ./src/intgnd.o
 .debug_aranges
                0x00000118       0x50 ./src/led.o
 .debug_aranges
                0x00000168       0x28 ./src/main.o
 .debug_aranges
                0x00000190       0x58 ./module/WT6673/WT6673.o
 .debug_aranges
                0x000001e8       0x98 ./module/BQ25798/BQ25798.o
 .debug_aranges
                0x00000280       0x28 ./Utility/Utility.o
 .debug_aranges
                0x000002a8       0x60 ./Interface/WDT/WDT.o
 .debug_aranges
                0x00000308       0x38 ./Interface/UART/UART0.o
 .debug_aranges
                0x00000340       0x38 ./Interface/Systick/Systick.o
 .debug_aranges
                0x00000378       0x98 ./Interface/I2C/I2C.o
 .debug_aranges
                0x00000410       0xa8 ./Interface/GPIO/GPIO.o
 .debug_aranges
                0x000004b8       0x28 ./Interface/ADC/ADC.o

.debug_str      0x00000000     0xcaa5
 .debug_str     0x00000000       0x72 ./system/src/cmsis/startup_SN32F760B.o
 .debug_str     0x00000072     0x4eba ./system/src/cmsis/system_SN32F760B.o
                               0x507f (size before relaxing)
 .debug_str     0x00004f2c      0xe80 ./src/app.o
                               0x5c25 (size before relaxing)
 .debug_str     0x00005dac     0x59c2 ./src/bat.o
                               0xb058 (size before relaxing)
 .debug_str     0x0000b76e       0x25 ./src/interrupt.o
                               0x4e2b (size before relaxing)
 .debug_str     0x0000b793      0x3f4 ./src/intgnd.o
                               0x5a56 (size before relaxing)
 .debug_str     0x0000bb87       0xbf ./src/led.o
                               0x599b (size before relaxing)
 .debug_str     0x0000bc46      0x610 ./src/main.o
                               0xb031 (size before relaxing)
 .debug_str     0x0000c256       0xd4 ./module/WT6673/WT6673.o
                               0x57fd (size before relaxing)
 .debug_str     0x0000c32a      0x15a ./module/BQ25798/BQ25798.o
                               0xa584 (size before relaxing)
 .debug_str     0x0000c484       0x30 ./Utility/Utility.o
                               0x4e33 (size before relaxing)
 .debug_str     0x0000c4b4      0x2a3 ./Interface/WDT/WDT.o
                               0x5579 (size before relaxing)
 .debug_str     0x0000c757       0x3d ./Interface/UART/UART0.o
                               0xa191 (size before relaxing)
 .debug_str     0x0000c794       0x6d ./Interface/Systick/Systick.o
                               0x560a (size before relaxing)
 .debug_str     0x0000c801       0xf0 ./Interface/I2C/I2C.o
                               0x53ad (size before relaxing)
 .debug_str     0x0000c8f1      0x130 ./Interface/GPIO/GPIO.o
                               0x58a0 (size before relaxing)
 .debug_str     0x0000ca21       0x84 ./Interface/ADC/ADC.o
                               0x57e7 (size before relaxing)

.debug_ranges   0x00000000      0x3c0
 .debug_ranges  0x00000000       0x18 ./system/src/cmsis/system_SN32F760B.o
 .debug_ranges  0x00000018       0x30 ./src/app.o
 .debug_ranges  0x00000048       0x38 ./src/bat.o
 .debug_ranges  0x00000080       0x18 ./src/interrupt.o
 .debug_ranges  0x00000098       0x10 ./src/intgnd.o
 .debug_ranges  0x000000a8       0x40 ./src/led.o
 .debug_ranges  0x000000e8       0x18 ./src/main.o
 .debug_ranges  0x00000100       0x48 ./module/WT6673/WT6673.o
 .debug_ranges  0x00000148       0x88 ./module/BQ25798/BQ25798.o
 .debug_ranges  0x000001d0       0x18 ./Utility/Utility.o
 .debug_ranges  0x000001e8       0x50 ./Interface/WDT/WDT.o
 .debug_ranges  0x00000238       0x28 ./Interface/UART/UART0.o
 .debug_ranges  0x00000260       0x28 ./Interface/Systick/Systick.o
 .debug_ranges  0x00000288       0x88 ./Interface/I2C/I2C.o
 .debug_ranges  0x00000310       0x98 ./Interface/GPIO/GPIO.o
 .debug_ranges  0x000003a8       0x18 ./Interface/ADC/ADC.o

.debug_macro    0x00000000     0x3fad
 .debug_macro   0x00000000       0x9f ./system/src/cmsis/system_SN32F760B.o
 .debug_macro   0x0000009f      0xa30 ./system/src/cmsis/system_SN32F760B.o
 .debug_macro   0x00000acf      0x34e ./system/src/cmsis/system_SN32F760B.o
 .debug_macro   0x00000e1d       0x1c ./system/src/cmsis/system_SN32F760B.o
 .debug_macro   0x00000e39       0x3b ./system/src/cmsis/system_SN32F760B.o
 .debug_macro   0x00000e74       0x26 ./system/src/cmsis/system_SN32F760B.o
 .debug_macro   0x00000e9a      0x30d ./system/src/cmsis/system_SN32F760B.o
 .debug_macro   0x000011a7      0x10e ./system/src/cmsis/system_SN32F760B.o
 .debug_macro   0x000012b5       0xd8 ./src/app.o
 .debug_macro   0x0000138d       0x35 ./src/app.o
 .debug_macro   0x000013c2       0x2e ./src/app.o
 .debug_macro   0x000013f0       0x6a ./src/app.o
 .debug_macro   0x0000145a       0x4c ./src/app.o
 .debug_macro   0x000014a6       0x34 ./src/app.o
 .debug_macro   0x000014da       0x6a ./src/app.o
 .debug_macro   0x00001544      0x26b ./src/bat.o
 .debug_macro   0x000017af       0x34 ./src/bat.o
 .debug_macro   0x000017e3       0x7c ./src/bat.o
 .debug_macro   0x0000185f      0x1d8 ./src/bat.o
 .debug_macro   0x00001a37       0x22 ./src/bat.o
 .debug_macro   0x00001a59       0x58 ./src/bat.o
 .debug_macro   0x00001ab1       0x18 ./src/bat.o
 .debug_macro   0x00001ac9       0x94 ./src/bat.o
 .debug_macro   0x00001b5d       0x35 ./src/bat.o
 .debug_macro   0x00001b92       0x34 ./src/bat.o
 .debug_macro   0x00001bc6       0x16 ./src/bat.o
 .debug_macro   0x00001bdc       0x57 ./src/bat.o
 .debug_macro   0x00001c33       0x97 ./src/bat.o
 .debug_macro   0x00001cca      0x330 ./src/bat.o
 .debug_macro   0x00001ffa       0xfd ./src/bat.o
 .debug_macro   0x000020f7       0x10 ./src/bat.o
 .debug_macro   0x00002107       0x58 ./src/bat.o
 .debug_macro   0x0000215f       0x1f ./src/bat.o
 .debug_macro   0x0000217e       0x43 ./src/bat.o
 .debug_macro   0x000021c1       0x20 ./src/bat.o
 .debug_macro   0x000021e1      0x18e ./src/bat.o
 .debug_macro   0x0000236f       0x10 ./src/bat.o
 .debug_macro   0x0000237f       0x6a ./src/bat.o
 .debug_macro   0x000023e9       0x1c ./src/bat.o
 .debug_macro   0x00002405       0x52 ./src/bat.o
 .debug_macro   0x00002457       0x40 ./src/bat.o
 .debug_macro   0x00002497       0x10 ./src/bat.o
 .debug_macro   0x000024a7       0x40 ./src/bat.o
 .debug_macro   0x000024e7       0xd7 ./src/bat.o
 .debug_macro   0x000025be       0x1c ./src/bat.o
 .debug_macro   0x000025da       0x3d ./src/bat.o
 .debug_macro   0x00002617       0x16 ./src/bat.o
 .debug_macro   0x0000262d      0x16f ./src/bat.o
 .debug_macro   0x0000279c      0x294 ./src/bat.o
 .debug_macro   0x00002a30       0x79 ./src/interrupt.o
 .debug_macro   0x00002aa9      0x103 ./src/intgnd.o
 .debug_macro   0x00002bac       0x34 ./src/intgnd.o
 .debug_macro   0x00002be0      0x136 ./src/intgnd.o
 .debug_macro   0x00002d16       0x10 ./src/intgnd.o
 .debug_macro   0x00002d26       0xbd ./src/led.o
 .debug_macro   0x00002de3      0x266 ./src/main.o
 .debug_macro   0x00003049      0x130 ./src/main.o
 .debug_macro   0x00003179      0x294 ./src/main.o
 .debug_macro   0x0000340d       0x6a ./src/main.o
 .debug_macro   0x00003477       0xae ./module/WT6673/WT6673.o
 .debug_macro   0x00003525       0x2e ./module/WT6673/WT6673.o
 .debug_macro   0x00003553      0x239 ./module/BQ25798/BQ25798.o
 .debug_macro   0x0000378c       0x79 ./Utility/Utility.o
 .debug_macro   0x00003805       0x81 ./Interface/WDT/WDT.o
 .debug_macro   0x00003886      0x20d ./Interface/UART/UART0.o
 .debug_macro   0x00003a93       0x87 ./Interface/Systick/Systick.o
 .debug_macro   0x00003b1a       0x88 ./Interface/I2C/I2C.o
 .debug_macro   0x00003ba2       0x7e ./Interface/GPIO/GPIO.o
 .debug_macro   0x00003c20      0x12a ./Interface/GPIO/GPIO.o
 .debug_macro   0x00003d4a       0x91 ./Interface/ADC/ADC.o
 .debug_macro   0x00003ddb      0x1d2 ./Interface/ADC/ADC.o

.debug_frame    0x00000000      0xdc8
 .debug_frame   0x00000000       0x4c ./system/src/cmsis/system_SN32F760B.o
 .debug_frame   0x0000004c       0xac ./src/app.o
 .debug_frame   0x000000f8       0xd4 ./src/bat.o
 .debug_frame   0x000001cc       0x48 ./src/interrupt.o
 .debug_frame   0x00000214       0x2c ./src/intgnd.o
 .debug_frame   0x00000240       0xec ./src/led.o
 .debug_frame   0x0000032c       0x48 ./src/main.o
 .debug_frame   0x00000374       0xfc ./module/WT6673/WT6673.o
 .debug_frame   0x00000470      0x214 ./module/BQ25798/BQ25798.o
 .debug_frame   0x00000684       0x50 ./Utility/Utility.o
 .debug_frame   0x000006d4      0x124 ./Interface/WDT/WDT.o
 .debug_frame   0x000007f8       0x8c ./Interface/UART/UART0.o
 .debug_frame   0x00000884       0x88 ./Interface/Systick/Systick.o
 .debug_frame   0x0000090c      0x214 ./Interface/I2C/I2C.o
 .debug_frame   0x00000b20      0x23c ./Interface/GPIO/GPIO.o
 .debug_frame   0x00000d5c       0x4c ./Interface/ADC/ADC.o
 .debug_frame   0x00000da8       0x20 c:/sonix/sonix_gnu_mcu_eclipse_v1_00/gnu tools arm embedded/7-2018-q2-update/bin/../lib/gcc/arm-none-eabi/7.3.1/thumb/v6-m\libgcc.a(_udivsi3.o)
